Secound line
Thrid line
Fourth line
